api/middleware/auth.ts(10,14): error TS2769: No overload matches this call.
  Overload 1 of 5, '(payload: string | object | Buffer<ArrayBufferLike>, secretOrPrivateKey: null, options?: SignOptions & { algorithm: "none"; }): string', gave the following error.
    Argument of type 'string' is not assignable to parameter of type 'null'.
  Overload 2 of 5, '(payload: string | object | Buffer<ArrayBufferLike>, secretOrPrivateKey: Buffer<ArrayBufferLike> | Secret | PrivateKeyInput | JsonWebKeyInput, options?: SignOptions): string', gave the following error.
    Type 'string' is not assignable to type 'number | StringValue'.
  Overload 3 of 5, '(payload: string | object | Buffer<ArrayBufferLike>, secretOrPrivateKey: Buffer<ArrayBufferLike> | Secret | PrivateKeyInput | JsonWebKeyInput, callback: SignCallback): void', gave the following error.
    Object literal may only specify known properties, and 'expiresIn' does not exist in type 'SignCallback'.
api/models/ProgressData.ts(102,39): error TS2322: Type '{ $gte: Date; }' is not assignable to type 'IndexDirection'.
api/routes/settings.ts(3,10): error TS2305: Module '"../middleware/auth"' has no exported member 'protect'.
src/pages/Dashboard.tsx(10,16): error TS2339: Property 'age' does not exist on type 'User'.
src/pages/Dashboard.tsx(11,19): error TS2339: Property 'gender' does not exist on type 'User'.
src/pages/Dashboard.tsx(18,20): error TS2339: Property 'age' does not exist on type 'User'.
src/pages/Dashboard.tsx(19,23): error TS2339: Property 'gender' does not exist on type 'User'.
src/pages/Dashboard.tsx(34,18): error TS2339: Property 'age' does not exist on type 'User'.
src/pages/Dashboard.tsx(35,21): error TS2339: Property 'gender' does not exist on type 'User'.
src/pages/Dashboard.tsx(50,9): error TS2353: Object literal may only specify known properties, and 'age' does not exist in type 'Partial<User>'.
src/pages/Dashboard.tsx(68,18): error TS2339: Property 'age' does not exist on type 'User'.
src/pages/Dashboard.tsx(69,21): error TS2339: Property 'gender' does not exist on type 'User'.
src/pages/Dashboard.tsx(238,58): error TS2339: Property 'age' does not exist on type 'User'.
src/pages/Dashboard.tsx(242,69): error TS2339: Property 'gender' does not exist on type 'User'.
src/pages/MealPlanner.tsx(129,42): error TS2339: Property 'analysisDate' does not exist on type 'MealAnalysis'.
